// Jest Snapshot v1, https://goo.gl/fbAQLP

exports[`task should execute task function when run 1`] = `
Array [
  Array [
    "Started task",
  ],
  Array [
    "Task completed in",
  ],
  Array [
    "Task completed in",
  ],
]
`;
